/workspaces/cloudultron/tests/test_ui_parser.py:55: SyntaxWarning: "is" with 'int' literal. Did you mean "=="?
  self.assertFalse(nodes["com.foo:id/pass"].clickable is True and nodes["com.foo:id/pass"].password is 1)
.............................................................................................................F..............................................................................................................................................................................................................................................
======================================================================
FAIL: test_the_package_imports_in_the_dev_container_without_installing (tests.test_devcontainer.SerialWiringTests.test_the_package_imports_in_the_dev_container_without_installing)
----------------------------------------------------------------------
Traceback (most recent call last):
  File "/workspaces/cloudultron/tests/test_devcontainer.py", line 349, in test_the_package_imports_in_the_dev_container_without_installing
    self.assertIn("/workspaces/cloudultron/src", dockerfile)
    ~~~~~~~~~~~~~^^^^^^^^^^^^^^^^^^^^^^^^^^^^^^^^^^^^^^^^^^^
AssertionError: '/workspaces/cloudultron/src' not found in 'FROM mcr.microsoft.com/devcontainers/base:ubuntu\n\nENV DEBIAN_FRONTEND=noninteractive\n\nRUN apt-get update && (apt-get install -y --no-install-recommends adb || apt-get install -y --no-install-recommends android-tools-adb) && apt-get install -y --no-install-recommends python3 python3-venv && (apt-get install -y --no-install-recommends docker.io || echo "no docker client") && apt-get clean && rm -rf /var/lib/apt/lists/*\n\nRUN printf \'%s\\n\' \'#!/bin/sh\' \'for d in /workspaces/cloudultron /workspaces/Cloudultron; do if [ -d "$d/src/cloudultron" ]; then export PYTHONPATH="$d/src${PYTHONPATH:+:$PYTHONPATH}"; break; fi; done\' \'exec python3 -m cloudultron "$@"\' > /usr/local/bin/cloudultron && chmod 755 /usr/local/bin/cloudultron\n\nRUN git config --system --add safe.directory /workspaces/cloudultron && git config --system --add safe.directory /workspaces/Cloudultron && git config --system --add safe.directory \'*\'\n'

----------------------------------------------------------------------
Ran 348 tests in 20.517s

FAILED (failures=1)
